// Jest Snapshot v1, https://goo.gl/fbAQLP

exports[`getUnpublishedTotals getUnpublishedTotals returns the correct data 1`] = `
[MockFunction] {
  "calls": [
    [
      {
        "attributes": [
          "calculationId",
          [
            "calculationId",
            "calculationReference",
          ],
          [
            "calculationId",
            "totalsId",
          ],
          "sbi",
          "frn",
          "agreementNumber",
          "claimId",
          [
            "claimId",
            "claimReference",
          ],
          "schemeType",
          "calculationDate",
          "invoiceNumber",
          "agreementStart",
          "agreementEnd",
          "totalAdditionalPayments",
          "totalActionPayments",
          "totalPayments",
          "updated",
          "datePublished",
        ],
        "lock": true,
        "raw": true,
        "skipLocked": true,
        "transaction": {},
        "where": {
          Symbol(or): [
            {
              "datePublished": null,
            },
            {
              "datePublished": {
                Symbol(lt): Col {
                  "col": "updated",
                },
              },
            },
          ],
        },
      },
    ],
  ],
  "results": [
    {
      "type": "return",
      "value": Promise {},
    },
  ],
}
`;
