// Jest Snapshot v1, https://goo.gl/fbAQLP

exports[`loadZeroValueD365 should call sequelize.query with correct SQL and parameters 1`] = `
"
    WITH unique_rows AS (
      SELECT DISTINCT ON (T."paymentRef", T."calculationId")
        T."paymentRef" AS "paymentReference",
        T."calculationId" AS "calculationId",
        T.quarter AS "paymentPeriod",
        T."totalAmount" AS "paymentAmount",
        T.transdate AS "transactionDate",
        T.marketingyear AS "marketingYear"
      FROM public."etlIntermTotalZeroValues" T
      JOIN public."delinkedCalculation" D ON T."calculationId" = D."calculationId"
      WHERE T."etlInsertedDt" > :startDate
      ORDER BY T."paymentRef", T."calculationId", T."etlInsertedDt" DESC
    )
    INSERT INTO public."zeroValueD365" (
      "paymentReference", "calculationId", "paymentPeriod",
      "paymentAmount", "transactionDate", "marketingYear"
    )
    SELECT 
      "paymentReference", "calculationId", "paymentPeriod",
      "paymentAmount", "transactionDate", "marketingYear"
    FROM unique_rows
    ON CONFLICT ("paymentReference", "calculationId")
    DO UPDATE SET
      "paymentAmount" = EXCLUDED."paymentAmount",
      "datePublished" = NULL;
  "
`;
