// Jest Snapshot v1, https://goo.gl/fbAQLP

exports[`loadIntermTotal should call sequelize.query with correct parameters 1`] = `
[MockFunction] {
  "calls": [
    [
      "
    INSERT INTO etlIntermTotal (
      paymentRef, quarter, totalAmount,
      transdate, invoiceid
    )
    SELECT DISTINCT paymentRef, 
      D.quarter,
      SUM(transactionAmount) * -1 as totalAmount,
      transdate,
      invoiceid
    FROM "etlIntermFinanceDax" D 
    WHERE D.paymentRef LIKE 'PY%' 
      AND D.etlInsertedDt > :startDate
    GROUP BY transdate, quarter, paymentRef, invoiceid
    ORDER BY paymentRef;
  ",
      {
        "raw": true,
        "replacements": {
          "startDate": 2023-01-01T00:00:00.000Z,
        },
        "transaction": {},
      },
    ],
  ],
  "results": [
    {
      "type": "return",
      "value": undefined,
    },
  ],
}
`;
