// Jest Snapshot v1, https://goo.gl/fbAQLP

exports[`loadDAX should call sequelize.query with correct SQL and parameters 1`] = `
[MockFunction] {
  "calls": [
    [
      "
    INSERT INTO public.dax (
      "paymentReference", "calculationId", "paymentPeriod",
      "paymentAmount", "transactionDate"
    )
    SELECT DISTINCT
      T."paymentRef" AS "paymentReference",
      T."calculationId" AS "calculationId",
      T.quarter AS "paymentPeriod", 
      T."totalAmount" AS "paymentAmount",
      T.transdate AS "transactionDate" 
    FROM public."etlIntermTotal" T
    LEFT JOIN public."delinkedCalculation" D ON T."calculationId" = D."calculationId"
    WHERE T."etlInsertedDt" > :startDate
      AND D."calculationId" IS NULL
    ON CONFLICT ("paymentReference", "calculationId")
    DO UPDATE SET
      "paymentAmount" = EXCLUDED."paymentAmount",
      "datePublished" = NULL;
;
  ",
      {
        "raw": true,
        "replacements": {
          "startDate": "2023-01-01",
        },
        "transaction": {},
      },
    ],
  ],
  "results": [
    {
      "type": "return",
      "value": undefined,
    },
  ],
}
`;
