// Jest Snapshot v1, https://goo.gl/fbAQLP

exports[`loadIntermPaymentrefApplication should call sequelize.query with correct SQL and parameters 1`] = `
[MockFunction] {
  "calls": [
    [
      "
    INSERT INTO public."etlIntermPaymentrefApplication"("paymentRef", "applicationId")
    SELECT DISTINCT ON (T."paymentRef")
      T."paymentRef",
      D."claimId" AS "applicationId"
    FROM public."etlIntermTotal" T
    JOIN public."etlIntermFinanceDax" D
      ON D."paymentRef" = T."paymentRef"
      AND POSITION(D."claimId"::text IN T."invoiceid") > 0
    WHERE T."etlInsertedDt" > :startDate
    ON CONFLICT ("paymentRef", "applicationId") DO NOTHING;
  ",
      {
        "raw": true,
        "replacements": {
          "startDate": "2023-01-01",
        },
        "transaction": {},
      },
    ],
  ],
  "results": [
    {
      "type": "return",
      "value": undefined,
    },
  ],
}
`;
