// Jest Snapshot v1, https://goo.gl/fbAQLP

exports[`loadIntermPaymentrefAgreementDates should call sequelize.query with correct SQL and parameters 1`] = `
[MockFunction] {
  "calls": [
    [
      "
    INSERT INTO etlIntermPaymentrefAgreementDates (
      paymentRef, agreementStart, agreementEnd
    )
    SELECT
      DA.paymentRef,
      (SELECT agreementStart FROM etlIntermApplicationContract IAC WHERE IAC.contractId = CA.contractId LIMIT 1),
      (SELECT agreementEnd FROM etlIntermApplicationContract IAC WHERE IAC.contractId = CA.contractId LIMIT 1)
    FROM etlIntermFinanceDax DA
    INNER JOIN etlStageCssContractApplications CA ON CA.applicationId = DA.claimId
    INNER JOIN etlIntermApplicationContract IAC ON IAC.contractId = CA.contractId
    WHERE IAC.agreementStart IS NOT NULL
      AND IAC.agreementEnd IS NOT NULL
      AND (
        DA.etlInsertedDt > :startDate
        OR CA.etlInsertedDt > :startDate
        OR IAC.etlInsertedDt > :startDate
      )
    GROUP BY DA.paymentRef, CA.contractId
    ON CONFLICT (paymentRef, agreementStart, agreementEnd) DO NOTHING;
  ",
      {
        "raw": true,
        "replacements": {
          "startDate": "2023-01-01",
        },
        "transaction": {},
      },
    ],
  ],
  "results": [
    {
      "type": "return",
      "value": undefined,
    },
  ],
}
`;
