// Jest Snapshot v1, https://goo.gl/fbAQLP

exports[`loadIntermTotal should call sequelize.query with correct parameters 1`] = `
[MockFunction] {
  "calls": [
    [
      "
    INSERT INTO etl_interm_total (
      payment_ref, quarter, total_amount,
      transdate, invoiceid
    )
    SELECT DISTINCT payment_ref, 
      D.quarter,
      SUM(transaction_amount) * -1 as total_amount,
      transdate,
      invoiceid
    FROM etl_interm_finance_dax D 
    WHERE D.payment_ref LIKE 'PY%' 
      AND D.etl_inserted_dt > :startDate
    GROUP BY transdate, quarter, payment_ref, invoiceid
    ORDER BY payment_ref;
  ",
      {
        "raw": true,
        "replacements": {
          "startDate": 2023-01-01T00:00:00.000Z,
        },
        "transaction": {},
      },
    ],
  ],
  "results": [
    {
      "type": "return",
      "value": undefined,
    },
  ],
}
`;
