// Jest Snapshot v1, https://goo.gl/fbAQLP

exports[`loadDAX should call sequelize.query with correct SQL and parameters 1`] = `
[MockFunction] {
  "calls": [
    [
      "
    INSERT INTO dax (
      "paymentReference", "calculationId", "paymentPeriod",
      "paymentAmount", "transactionDate"
    )
    SELECT DISTINCT
      T."paymentRef" AS "paymentReference",
      T."calculationId" AS "calculationId",
      T.quarter AS "paymentPeriod", 
      T."totalAmount" AS "paymentAmount",
      T.transdate AS "transactionDate" 
    FROM "etlIntermTotal" T
    WHERE T."etlInsertedDt" > :startDate;
  ",
      {
        "raw": true,
        "replacements": {
          "startDate": "2023-01-01",
        },
        "transaction": {},
      },
    ],
  ],
  "results": [
    {
      "type": "return",
      "value": undefined,
    },
  ],
}
`;
