// Jest Snapshot v1, https://goo.gl/fbAQLP

exports[`loadIntermPaymentrefApplication should call sequelize.query with correct SQL and parameters 1`] = `
[MockFunction] {
  "calls": [
    [
      "
    INSERT INTO public."etlIntermPaymentrefApplication"("paymentRef", "applicationId")
    SELECT
      T."paymentRef",
      (SELECT "claimId" AS "applicationId" FROM public."etlIntermFinanceDax" D WHERE D."paymentRef" = T."paymentRef" LIMIT 1)
    FROM public."etlIntermTotal" T
    WHERE T."etlInsertedDt" > :startDate
    ON CONFLICT ("paymentRef", "applicationId") DO NOTHING;
  ",
      {
        "raw": true,
        "replacements": {
          "startDate": "2023-01-01",
        },
        "transaction": {},
      },
    ],
  ],
  "results": [
    {
      "type": "return",
      "value": undefined,
    },
  ],
}
`;
